{
  "exclude": {
    "files": [
      "tests/vulnerable-examples/.*",
      "tests/safe-examples/.*",
      "\\.git/.*"
    ],
    "lines": [
      ".*test.*",
      ".*example.*",
      ".*sample.*",
      ".*demo.*"
    ]
  },
  "results": [],
  "generated_at": "2025-01-09T12:00:00Z",
  "version": "1.4.0"
}
